// Jest Snapshot v1, https://goo.gl/fbAQLP

exports[`delayuntil.spec add delayed request using _delay_until param 1`] = `
Object {
  "hasbody": false,
  "headers": Object {
    "accept": "application/json, text/plain, */*",
    "user-agent": "axios/0.26.0",
  },
  "host": "postman-echo.com",
  "method": "GET",
  "params": Object {},
  "path": "/get",
  "scheme": "https",
  "url": "https://postman-echo.com/get",
}
`;

exports[`delayuntil.spec add delayed request using X-Delay-Until header 1`] = `
Object {
  "hasbody": false,
  "headers": Object {
    "accept": "application/json, text/plain, */*",
    "user-agent": "axios/0.26.0",
  },
  "host": "postman-echo.com",
  "method": "GET",
  "params": Object {},
  "path": "/get",
  "scheme": "https",
  "url": "https://postman-echo.com/get",
}
`;
