// Jest Snapshot v1, https://goo.gl/fbAQLP

exports[`noconflict.spec queue with noconflict ignores query params 1`] = `
Object {
  "hasbody": false,
  "headers": Object {
    "accept": "application/json, text/plain, */*",
    "user-agent": "axios/0.26.0",
  },
  "host": "postman-echo.com",
  "method": "GET",
  "params": Object {
    "_delay": "600",
    "_retry": "3",
  },
  "path": "/get",
  "scheme": "https",
  "url": "https://postman-echo.com/get?_delay=600&_retry=3",
}
`;
